  ┌────────────┬──────────────────────────────┐
  │  Event     │  Non-Farm Payrolls           │
  ├────────────┼──────────────────────────────┤
  │  Country   │  US                          │
  │  Time      │  2024-07-05T08:30:00Z        │
  │  Impact    │  high                        │
  │  Actual    │  200.0 K                     │
  │  Estimate  │  180.0 K                     │
  │  Previous  │  150.0 K                     │
  │  Source    │  Bureau of Labor Statistics  │
  └────────────┴──────────────────────────────┘

  ┌────────────┬───────────────────────────────┐
  │  Event     │  GDP Growth Rate              │
  ├────────────┼───────────────────────────────┤
  │  Country   │  US                           │
  │  Time      │  2024-07-10T08:30:00Z         │
  │  Impact    │  medium                       │
  │  Actual    │  3.5 %                        │
  │  Estimate  │  3.0 %                        │
  │  Previous  │  2.8 %                        │
  │  Source    │  Bureau of Economic Analysis  │
  └────────────┴───────────────────────────────┘

  ┌────────────┬───────────────────────────────┐
  │  Event     │  GDP Growth Rate              │
  ├────────────┼───────────────────────────────┤
  │  Country   │  US                           │
  │  Time      │  2030-07-10T08:30:00Z         │
  │  Impact    │  low                          │
  │  Actual    │                               │
  │  Estimate  │                               │
  │  Previous  │                               │
  │  Source    │  Bureau of Economic Analysis  │
  └────────────┴───────────────────────────────┘

